{
  "feature": "unscoped",
  "quote": "If you're scaling a {SaaS / Agency / Consultancy / Professional Services} at $3M ARR and up, you've spent long hours trying to figure out how AI can grow your revenue and cut your costs.\nBut despite all that effort, most founders haven't seen any real change in their growth or profitability from AI. Sure, you've probably used it to save a few hours here and there. But nothing life-changing.\nIn thi",
  "session_id": "b2bd55f5-50d1-4583-a507-922e525d84ca",
  "granted_at": "2026-08-30T20:39:19",
  "expires_at": "2026-09-01T20:39:19",
  "seal": null,
  "minted_by": "approval-receipt hook (a genuine Lloyd turn \u2014 never an agent)"
}